2026-10-07 15:14:21,974 {"ev": "START", "cycle": 0, "phase": "INIT_LOAD", "sim_t": 0.0, "mode": "random", "seed": 20261007, "mujoco": "3.15.0", "init": "qpos=home,qvel=0 (start pose only)"}
2026-10-07 15:14:22,927 {"ev": "HOME_CONFIRMED", "cycle": 0, "phase": "HOME_CHECK", "sim_t": 0.502, "max_q_err": 0.0, "max_qd": 0.0}
2026-10-07 15:14:22,945 {"ev": "TARGET_GENERATED", "cycle": 1, "phase": "GEN_TARGET", "sim_t": 0.502, "target": [0.35968, 0.2846, 0.35121], "q_goal": [0.29277, -0.30609, 0.34924, -2.31841, 0.11512, 2.02706, 0.7854], "ik_pos_err": 0.0006144359025574463, "ik_ori_err_deg": 0.003632678746939898, "floor_dist": 0.34212035010587283, "n": 50, "vfrac": 0.172, "T": 2.0, "candidates": 1, "gen_wall": 0.017, "rejects": {}}
2026-10-07 15:14:22,949 {"ev": "REACH_TRAJ", "cycle": 1, "phase": "REACH", "sim_t": 0.502, "T": 2.0, "start_qd_max": 0.0, "n": 50, "vfrac": 0.172}
2026-10-07 15:14:25,249 {"ev": "REACH_CONFIRMED", "cycle": 1, "phase": "REACH_SETTLE", "sim_t": 2.806, "sat_steps": 0, "T": 2.0, "pos_err": 0.0011083363625003098, "ori_err_deg": 0.13733627758075126, "max_qd": 0.0007154036005117317}
2026-10-07 15:14:25,249 {"ev": "RECOVERY_STARTED", "cycle": 1, "phase": "RECOVER", "sim_t": 2.806, "q": [0.29261, -0.30649, 0.34908, -2.31868, 0.11329, 2.02532, 0.78539], "qd": [0.00018, 0.00014, 0.00023, 0.00021, 0.00072, 0.00071, 0.0]}
2026-10-07 15:14:25,254 {"ev": "RECOVER_TRAJ", "cycle": 1, "phase": "RECOVER", "sim_t": 2.806, "T": 2.0, "start_qd_max": 0.0007154036005117317, "n": 50, "vfrac": 0.171}
2026-10-07 15:14:27,553 {"ev": "RECOVERY_CONFIRMED", "cycle": 1, "phase": "RECOVER_SETTLE", "sim_t": 5.11, "sat_steps": 0, "T": 2.0, "max_q_err": 0.0016569725925170697, "max_qd": 0.0007029323563766798}
2026-10-07 15:14:27,572 {"ev": "TARGET_GENERATED", "cycle": 2, "phase": "GEN_TARGET", "sim_t": 5.11, "target": [0.57269, -0.10205, 0.3216], "q_goal": [-0.09523, 0.10384, -0.08378, -1.95345, 0.0098, 2.05696, 0.7854], "ik_pos_err": 0.0009950901421260565, "ik_ori_err_deg": 0.002816054566818043, "floor_dist": 0.3124167736049453, "n": 90, "vfrac": 0.318, "T": 2.0, "candidates": 1, "gen_wall": 0.019, "rejects": {}}
2026-10-07 15:14:27,580 {"ev": "REACH_TRAJ", "cycle": 2, "phase": "REACH", "sim_t": 5.11, "T": 2.0, "start_qd_max": 0.0007029323563766798, "n": 90, "vfrac": 0.318}
2026-10-07 15:14:29,876 {"ev": "REACH_CONFIRMED", "cycle": 2, "phase": "REACH_SETTLE", "sim_t": 7.414, "sat_steps": 0, "T": 2.0, "pos_err": 0.0014456307045750357, "ori_err_deg": 0.13090526499239472, "max_qd": 0.0007085420527040495}
2026-10-07 15:14:29,876 {"ev": "RECOVERY_STARTED", "cycle": 2, "phase": "RECOVER", "sim_t": 7.414, "q": [-0.09518, 0.10344, -0.08365, -1.95384, 0.00798, 2.05524, 0.7854], "qd": [-0.00013, 0.00013, -0.00018, 0.00023, 0.00069, 0.00071, -0.0]}
2026-10-07 15:14:29,887 {"ev": "RECOVER_TRAJ", "cycle": 2, "phase": "RECOVER", "sim_t": 7.414, "T": 2.0, "start_qd_max": 0.0007085420527040495, "n": 90, "vfrac": 0.318}
2026-10-07 15:14:32,178 {"ev": "RECOVERY_CONFIRMED", "cycle": 2, "phase": "RECOVER_SETTLE", "sim_t": 9.716, "sat_steps": 0, "T": 2.0, "max_q_err": 0.0018212436576144702, "max_qd": 0.0007062781909403187}
2026-10-07 15:14:32,201 {"ev": "TARGET_GENERATED", "cycle": 3, "phase": "GEN_TARGET", "sim_t": 9.716, "target": [0.3809, 0.23247, 0.24639], "q_goal": [0.26178, -0.19977, 0.28584, -2.51174, 0.07637, 2.31822, 0.7854], "ik_pos_err": 0.0009077675473038305, "ik_ori_err_deg": 0.011743718346362638, "floor_dist": 0.23774232881223722, "n": 76, "vfrac": 0.209, "T": 2.0, "candidates": 1, "gen_wall": 0.023, "rejects": {}}
2026-10-07 15:14:32,213 {"ev": "REACH_TRAJ", "cycle": 3, "phase": "REACH", "sim_t": 9.716, "T": 2.0, "start_qd_max": 0.0007062781909403187, "n": 76, "vfrac": 0.209}
2026-10-07 15:14:34,504 {"ev": "REACH_CONFIRMED", "cycle": 3, "phase": "REACH_SETTLE", "sim_t": 12.018, "sat_steps": 0, "T": 2.0, "pos_err": 0.001179652793246174, "ori_err_deg": 0.13048312632406828, "max_qd": 0.0007541358175227524}
2026-10-07 15:14:34,504 {"ev": "RECOVERY_STARTED", "cycle": 3, "phase": "RECOVER", "sim_t": 12.018, "q": [0.2616, -0.19997, 0.28564, -2.51132, 0.07441, 2.31603, 0.7854], "qd": [0.00019, 9e-05, 0.00024, -0.00024, 0.00073, 0.00075, 0.0]}
2026-10-07 15:14:34,510 {"ev": "RECOVER_TRAJ", "cycle": 3, "phase": "RECOVER", "sim_t": 12.018, "T": 2.0, "start_qd_max": 0.0007541358175227524, "n": 76, "vfrac": 0.209}
2026-10-07 15:14:36,807 {"ev": "RECOVERY_CONFIRMED", "cycle": 3, "phase": "RECOVER_SETTLE", "sim_t": 14.32, "sat_steps": 0, "T": 2.0, "max_q_err": 0.002047696689971179, "max_qd": 0.0007467308211416944}
2026-10-07 15:14:36,838 {"ev": "CANDIDATE_REJECTED", "cycle": 4, "phase": "GEN_TARGET", "sim_t": 14.32, "k": 1, "target": [0.3289, -0.1976, 0.1779], "reason": "ik_not_converged"}
2026-10-07 15:14:36,865 {"ev": "CANDIDATE_REJECTED", "cycle": 4, "phase": "GEN_TARGET", "sim_t": 14.32, "k": 2, "target": [0.4862, 0.2959, 0.2162], "reason": "ik_not_converged"}
2026-10-07 15:14:36,891 {"ev": "CANDIDATE_REJECTED", "cycle": 4, "phase": "GEN_TARGET", "sim_t": 14.32, "k": 3, "target": [0.55, -0.0001, 0.5404], "reason": "ik_not_converged"}
2026-10-07 15:14:36,918 {"ev": "CANDIDATE_REJECTED", "cycle": 4, "phase": "GEN_TARGET", "sim_t": 14.32, "k": 4, "target": [0.4161, 0.0885, 0.1585], "reason": "ik_not_converged"}
2026-10-07 15:14:36,935 {"ev": "TARGET_GENERATED", "cycle": 4, "phase": "GEN_TARGET", "sim_t": 14.32, "target": [0.46547, -0.07927, 0.42597], "q_goal": [-0.07046, -0.28254, -0.08721, -2.12246, -0.0252, 1.8409, 0.7854], "ik_pos_err": 0.0005720005520374746, "ik_ori_err_deg": 0.0026775288959512357, "floor_dist": 0.416525673462388, "n": 52, "vfrac": 0.18, "T": 2.0, "candidates": 5, "gen_wall": 0.127, "rejects": {"ik_not_converged": 4}}
2026-10-07 15:14:36,940 {"ev": "REACH_TRAJ", "cycle": 4, "phase": "REACH", "sim_t": 14.32, "T": 2.0, "start_qd_max": 0.0007467308211416944, "n": 52, "vfrac": 0.18}
2026-10-07 15:14:39,237 {"ev": "REACH_CONFIRMED", "cycle": 4, "phase": "REACH_SETTLE", "sim_t": 16.622, "sat_steps": 0, "T": 2.0, "pos_err": 0.0011361440377498225, "ori_err_deg": 0.13599926529736756, "max_qd": 0.00069815599562251}
2026-10-07 15:14:39,237 {"ev": "RECOVERY_STARTED", "cycle": 4, "phase": "RECOVER", "sim_t": 16.622, "q": [-0.07035, -0.28292, -0.08715, -2.12283, -0.02341, 1.83923, 0.78539], "qd": [-0.00016, 0.00011, -0.00019, 0.00022, -0.0007, 0.0007, -0.0]}
2026-10-07 15:14:39,243 {"ev": "RECOVER_TRAJ", "cycle": 4, "phase": "RECOVER", "sim_t": 16.622, "T": 2.0, "start_qd_max": 0.00069815599562251, "n": 52, "vfrac": 0.18}
2026-10-07 15:14:41,541 {"ev": "RECOVERY_CONFIRMED", "cycle": 4, "phase": "RECOVER_SETTLE", "sim_t": 18.926, "sat_steps": 0, "T": 2.0, "max_q_err": 0.001685251204716579, "max_qd": 0.0006959128917117997}
2026-10-07 15:14:41,561 {"ev": "TARGET_GENERATED", "cycle": 5, "phase": "GEN_TARGET", "sim_t": 18.926, "target": [0.30345, 0.26002, 0.51392], "q_goal": [0.25733, -0.52237, 0.33092, -2.07754, 0.16284, 1.57893, 0.7854], "ik_pos_err": 0.00048125370293297296, "ik_ori_err_deg": 0.005420295011323784, "floor_dist": 0.5, "n": 50, "vfrac": 0.118, "T": 2.0, "candidates": 1, "gen_wall": 0.019, "rejects": {}}
2026-10-07 15:14:41,566 {"ev": "REACH_TRAJ", "cycle": 5, "phase": "REACH", "sim_t": 18.926, "T": 2.0, "start_qd_max": 0.0006959128917117997, "n": 50, "vfrac": 0.118}
2026-10-07 15:14:43,865 {"ev": "REACH_CONFIRMED", "cycle": 5, "phase": "REACH_SETTLE", "sim_t": 21.23, "sat_steps": 0, "T": 2.0, "pos_err": 0.0011171668942320195, "ori_err_deg": 0.1267987903544628, "max_qd": 0.000699445224460929}
2026-10-07 15:14:43,865 {"ev": "RECOVERY_STARTED", "cycle": 5, "phase": "RECOVER", "sim_t": 21.23, "q": [0.25714, -0.52277, 0.33082, -2.07788, 0.1612, 1.57737, 0.78539], "qd": [0.00019, 0.00014, 0.00022, 0.00023, 0.0007, 0.00066, -0.0]}
2026-10-07 15:14:43,870 {"ev": "RECOVER_TRAJ", "cycle": 5, "phase": "RECOVER", "sim_t": 21.23, "T": 2.0, "start_qd_max": 0.000699445224460929, "n": 50, "vfrac": 0.118}
2026-10-07 15:14:46,169 {"ev": "RECOVERY_CONFIRMED", "cycle": 5, "phase": "RECOVER_SETTLE", "sim_t": 23.534, "sat_steps": 0, "T": 2.0, "max_q_err": 0.001664280374471854, "max_qd": 0.0007025484852857014}
2026-10-07 15:14:46,187 {"ev": "TARGET_GENERATED", "cycle": 6, "phase": "GEN_TARGET", "sim_t": 23.534, "target": [0.37221, -0.14055, 0.27839], "q_goal": [-0.17481, -0.40279, -0.18413, -2.61654, -0.09006, 2.21772, 0.7854], "ik_pos_err": 0.0007758162269896079, "ik_ori_err_deg": 0.010792918603957282, "floor_dist": 0.2696314074262244, "n": 66, "vfrac": 0.145, "T": 2.0, "candidates": 1, "gen_wall": 0.018, "rejects": {}}
2026-10-07 15:14:46,194 {"ev": "REACH_TRAJ", "cycle": 6, "phase": "REACH", "sim_t": 23.534, "T": 2.0, "start_qd_max": 0.0007025484852857014, "n": 66, "vfrac": 0.145}
2026-10-07 15:14:48,492 {"ev": "REACH_CONFIRMED", "cycle": 6, "phase": "REACH_SETTLE", "sim_t": 25.838, "sat_steps": 0, "T": 2.0, "pos_err": 0.0010621549644540004, "ori_err_deg": 0.13130978680030916, "max_qd": 0.0007504245499328004}
2026-10-07 15:14:48,492 {"ev": "RECOVERY_STARTED", "cycle": 6, "phase": "RECOVER", "sim_t": 25.838, "q": [-0.1746, -0.403, -0.18392, -2.61613, -0.08812, 2.21553, 0.78539], "qd": [-0.00019, 8e-05, -0.00024, -0.00024, -0.00072, 0.00075, -0.0]}
2026-10-07 15:14:48,497 {"ev": "RECOVER_TRAJ", "cycle": 6, "phase": "RECOVER", "sim_t": 25.838, "T": 2.0, "start_qd_max": 0.0007504245499328004, "n": 66, "vfrac": 0.145}
2026-10-07 15:14:50,796 {"ev": "RECOVERY_CONFIRMED", "cycle": 6, "phase": "RECOVER_SETTLE", "sim_t": 28.142, "sat_steps": 0, "T": 2.0, "max_q_err": 0.0020416279085364586, "max_qd": 0.0007424319414950548}
2026-10-07 15:14:50,820 {"ev": "CANDIDATE_REJECTED", "cycle": 7, "phase": "GEN_TARGET", "sim_t": 28.142, "k": 1, "target": [0.5609, -0.0826, 0.5083], "reason": "ik_not_converged"}
2026-10-07 15:14:50,848 {"ev": "CANDIDATE_REJECTED", "cycle": 7, "phase": "GEN_TARGET", "sim_t": 28.142, "k": 2, "target": [0.574, 0.2656, 0.4868], "reason": "ik_not_converged"}
2026-10-07 15:14:50,875 {"ev": "CANDIDATE_REJECTED", "cycle": 7, "phase": "GEN_TARGET", "sim_t": 28.142, "k": 3, "target": [0.5799, -0.1193, 0.4838], "reason": "ik_not_converged"}
2026-10-07 15:14:50,899 {"ev": "CANDIDATE_REJECTED", "cycle": 7, "phase": "GEN_TARGET", "sim_t": 28.142, "k": 4, "target": [0.4879, 0.2272, 0.192], "reason": "ik_not_converged"}
2026-10-07 15:14:50,920 {"ev": "TARGET_GENERATED", "cycle": 7, "phase": "GEN_TARGET", "sim_t": 28.142, "target": [0.45534, -0.28146, 0.29318], "q_goal": [-0.27623, -0.00274, -0.277, -2.16343, -0.00092, 2.16074, 0.7854], "ik_pos_err": 0.0008686937409374187, "ik_ori_err_deg": 0.0032874728034319655, "floor_dist": 0.28421934418395334, "n": 80, "vfrac": 0.28, "T": 2.0, "candidates": 5, "gen_wall": 0.124, "rejects": {"ik_not_converged": 4}}
2026-10-07 15:14:50,927 {"ev": "REACH_TRAJ", "cycle": 7, "phase": "REACH", "sim_t": 28.142, "T": 2.0, "start_qd_max": 0.0007424319414950548, "n": 80, "vfrac": 0.28}
2026-10-07 15:14:53,224 {"ev": "REACH_CONFIRMED", "cycle": 7, "phase": "REACH_SETTLE", "sim_t": 30.446, "sat_steps": 0, "T": 2.0, "pos_err": 0.001243030661339401, "ori_err_deg": 0.10104101328411395, "max_qd": 0.0007120394173099854}
2026-10-07 15:14:53,224 {"ev": "RECOVERY_STARTED", "cycle": 7, "phase": "RECOVER", "sim_t": 30.446, "q": [-0.27614, -0.00315, -0.27688, -2.16377, -0.00132, 2.15899, 0.78539], "qd": [-0.00016, 0.00014, -0.00021, 0.00022, 0.00016, 0.00071, -0.0]}
2026-10-07 15:14:53,234 {"ev": "RECOVER_TRAJ", "cycle": 7, "phase": "RECOVER", "sim_t": 30.446, "T": 2.0, "start_qd_max": 0.0007120394173099854, "n": 80, "vfrac": 0.28}
2026-10-07 15:14:55,528 {"ev": "RECOVERY_CONFIRMED", "cycle": 7, "phase": "RECOVER_SETTLE", "sim_t": 32.75, "sat_steps": 0, "T": 2.0, "max_q_err": 0.0016699074030097627, "max_qd": 0.0007094432483102809}
2026-10-07 15:14:55,549 {"ev": "TARGET_GENERATED", "cycle": 8, "phase": "GEN_TARGET", "sim_t": 32.75, "target": [0.5201, 0.20467, 0.31912], "q_goal": [0.19265, 0.03964, 0.18416, -2.0423, -0.0083, 2.08127, 0.7854], "ik_pos_err": 0.0009047056073776193, "ik_ori_err_deg": 0.0010740462289866568, "floor_dist": 0.31000123891287196, "n": 84, "vfrac": 0.295, "T": 2.0, "candidates": 1, "gen_wall": 0.021, "rejects": {}}
2026-10-07 15:14:55,558 {"ev": "REACH_TRAJ", "cycle": 8, "phase": "REACH", "sim_t": 32.75, "T": 2.0, "start_qd_max": 0.0007094432483102809, "n": 84, "vfrac": 0.295}
2026-10-07 15:14:57,852 {"ev": "REACH_CONFIRMED", "cycle": 8, "phase": "REACH_SETTLE", "sim_t": 35.052, "sat_steps": 0, "T": 2.0, "pos_err": 0.0013392704464011793, "ori_err_deg": 0.1333531720384909, "max_qd": 0.0007114811198419679}
2026-10-07 15:14:57,852 {"ev": "RECOVERY_STARTED", "cycle": 8, "phase": "RECOVER", "sim_t": 35.052, "q": [0.19257, 0.03923, 0.18402, -2.04271, -0.00644, 2.07954, 0.78539], "qd": [0.00015, 0.00014, 0.0002, 0.00023, -0.0007, 0.00071, -0.0]}
2026-10-07 15:14:57,860 {"ev": "RECOVER_TRAJ", "cycle": 8, "phase": "RECOVER", "sim_t": 35.052, "T": 2.0, "start_qd_max": 0.0007114811198419679, "n": 84, "vfrac": 0.295}
2026-10-07 15:15:00,154 {"ev": "RECOVERY_CONFIRMED", "cycle": 8, "phase": "RECOVER_SETTLE", "sim_t": 37.354, "sat_steps": 0, "T": 2.0, "max_q_err": 0.0018795379657051234, "max_qd": 0.0007085356631511886}
2026-10-07 15:15:00,162 {"ev": "TARGET_GENERATED", "cycle": 9, "phase": "GEN_TARGET", "sim_t": 37.354, "target": [0.33124, -0.08466, 0.47315], "q_goal": [-0.09801, -0.6878, -0.10751, -2.32829, -0.06835, 1.64317, 0.7854], "ik_pos_err": 0.00014767359710452538, "ik_ori_err_deg": 0.0004548514657486731, "floor_dist": 0.46365498398625304, "n": 50, "vfrac": 0.038, "T": 2.0, "candidates": 1, "gen_wall": 0.008, "rejects": {}}
2026-10-07 15:15:00,167 {"ev": "REACH_TRAJ", "cycle": 9, "phase": "REACH", "sim_t": 37.354, "T": 2.0, "start_qd_max": 0.0007085356631511886, "n": 50, "vfrac": 0.038}
2026-10-07 15:15:02,464 {"ev": "REACH_CONFIRMED", "cycle": 9, "phase": "REACH_SETTLE", "sim_t": 39.656, "sat_steps": 0, "T": 2.0, "pos_err": 0.0007881971861822244, "ori_err_deg": 0.13186207700978128, "max_qd": 0.0006998381715634274}
2026-10-07 15:15:02,464 {"ev": "RECOVERY_STARTED", "cycle": 9, "phase": "RECOVER", "sim_t": 39.656, "q": [-0.09783, -0.68816, -0.10742, -2.3286, -0.06663, 1.64154, 0.78539], "qd": [-0.00019, 0.0001, -0.00022, 0.00021, -0.0007, 0.00068, -0.0]}
2026-10-07 15:15:02,469 {"ev": "RECOVER_TRAJ", "cycle": 9, "phase": "RECOVER", "sim_t": 39.656, "T": 2.0, "start_qd_max": 0.0006998381715634274, "n": 50, "vfrac": 0.038}
2026-10-07 15:15:04,766 {"ev": "RECOVERY_CONFIRMED", "cycle": 9, "phase": "RECOVER_SETTLE", "sim_t": 41.958, "sat_steps": 0, "T": 2.0, "max_q_err": 0.0017096004684137556, "max_qd": 0.0006985825055206802}
2026-10-07 15:15:04,789 {"ev": "CANDIDATE_REJECTED", "cycle": 10, "phase": "GEN_TARGET", "sim_t": 41.958, "k": 1, "target": [0.4964, -0.2105, 0.4535], "reason": "ik_not_converged"}
2026-10-07 15:15:04,806 {"ev": "TARGET_GENERATED", "cycle": 10, "phase": "GEN_TARGET", "sim_t": 41.958, "target": [0.50242, -0.1638, 0.41157], "q_goal": [-0.1447, -0.10841, -0.16257, -1.97602, -0.01833, 1.86909, 0.7854], "ik_pos_err": 0.0008316490616269972, "ik_ori_err_deg": 0.005623795344759574, "floor_dist": 0.4020895611895691, "n": 68, "vfrac": 0.242, "T": 2.0, "candidates": 2, "gen_wall": 0.039, "rejects": {"ik_not_converged": 1}}
2026-10-07 15:15:04,811 {"ev": "REACH_TRAJ", "cycle": 10, "phase": "REACH", "sim_t": 41.958, "T": 2.0, "start_qd_max": 0.0006985825055206802, "n": 68, "vfrac": 0.242}
2026-10-07 15:15:07,108 {"ev": "REACH_CONFIRMED", "cycle": 10, "phase": "REACH_SETTLE", "sim_t": 44.26, "sat_steps": 0, "T": 2.0, "pos_err": 0.0013994840554029796, "ori_err_deg": 0.1361012168334171, "max_qd": 0.0007014721638575444}
2026-10-07 15:15:07,108 {"ev": "RECOVERY_STARTED", "cycle": 10, "phase": "RECOVER", "sim_t": 44.26, "q": [-0.14462, -0.10879, -0.16249, -1.97644, -0.01655, 1.86741, 0.78539], "qd": [-0.00015, 0.00013, -0.00019, 0.00023, -0.00069, 0.0007, -0.0]}
2026-10-07 15:15:07,115 {"ev": "RECOVER_TRAJ", "cycle": 10, "phase": "RECOVER", "sim_t": 44.26, "T": 2.0, "start_qd_max": 0.0007014721638575444, "n": 68, "vfrac": 0.242}
2026-10-07 15:15:09,410 {"ev": "RECOVERY_CONFIRMED", "cycle": 10, "phase": "RECOVER_SETTLE", "sim_t": 46.562, "sat_steps": 0, "T": 2.0, "max_q_err": 0.001676379728384446, "max_qd": 0.0006988879113371955}
2026-10-07 15:15:09,434 {"ev": "CANDIDATE_REJECTED", "cycle": 11, "phase": "GEN_TARGET", "sim_t": 46.562, "k": 1, "target": [0.4633, 0.2448, 0.1531], "reason": "ik_not_converged"}
2026-10-07 15:15:09,455 {"ev": "CANDIDATE_REJECTED", "cycle": 11, "phase": "GEN_TARGET", "sim_t": 46.562, "k": 2, "target": [0.3, -0.2049, 0.1638], "reason": "ik_not_converged"}
2026-10-07 15:15:09,478 {"ev": "CANDIDATE_REJECTED", "cycle": 11, "phase": "GEN_TARGET", "sim_t": 46.562, "k": 3, "target": [0.5624, 0.2962, 0.5129], "reason": "ik_not_converged"}
2026-10-07 15:15:09,493 {"ev": "TARGET_GENERATED", "cycle": 11, "phase": "GEN_TARGET", "sim_t": 46.562, "target": [0.38401, -0.2446, 0.48315], "q_goal": [-0.22037, -0.34728, -0.28803, -2.02343, -0.09752, 1.68895, 0.7854], "ik_pos_err": 0.0006421261831858892, "ik_ori_err_deg": 0.006363243549198565, "floor_dist": 0.47347848883223653, "n": 50, "vfrac": 0.157, "T": 2.0, "candidates": 4, "gen_wall": 0.083, "rejects": {"ik_not_converged": 3}}
2026-10-07 15:15:09,498 {"ev": "REACH_TRAJ", "cycle": 11, "phase": "REACH", "sim_t": 46.562, "T": 2.0, "start_qd_max": 0.0006988879113371955, "n": 50, "vfrac": 0.157}
2026-10-07 15:15:11,797 {"ev": "REACH_CONFIRMED", "cycle": 11, "phase": "REACH_SETTLE", "sim_t": 48.864, "sat_steps": 0, "T": 2.0, "pos_err": 0.0012696266018889211, "ori_err_deg": 0.13544255738887517, "max_qd": 0.0007020700137957405}
2026-10-07 15:15:11,798 {"ev": "RECOVERY_STARTED", "cycle": 11, "phase": "RECOVER", "sim_t": 48.864, "q": [-0.22023, -0.34767, -0.28796, -2.02382, -0.09578, 1.68731, 0.78539], "qd": [-0.00017, 0.00013, -0.00021, 0.00023, -0.0007, 0.00069, -0.0]}
2026-10-07 15:15:11,806 {"ev": "RECOVER_TRAJ", "cycle": 11, "phase": "RECOVER", "sim_t": 48.864, "T": 2.0, "start_qd_max": 0.0007020700137957405, "n": 50, "vfrac": 0.157}
2026-10-07 15:15:14,099 {"ev": "RECOVERY_CONFIRMED", "cycle": 11, "phase": "RECOVER_SETTLE", "sim_t": 51.166, "sat_steps": 0, "T": 2.0, "max_q_err": 0.00171686522100588, "max_qd": 0.0007022828995925716}
2026-10-07 15:15:14,129 {"ev": "TARGET_GENERATED", "cycle": 12, "phase": "GEN_TARGET", "sim_t": 51.166, "target": [0.33184, 0.06839, 0.52466], "q_goal": [0.07312, -0.66384, 0.08502, -2.18058, 0.05242, 1.51863, 0.7854], "ik_pos_err": 0.0002589769064377909, "ik_ori_err_deg": 0.0036778369777415144, "floor_dist": 0.5, "n": 50, "vfrac": 0.063, "T": 2.0, "candidates": 1, "gen_wall": 0.029, "rejects": {}}
2026-10-07 15:15:14,134 {"ev": "REACH_TRAJ", "cycle": 12, "phase": "REACH", "sim_t": 51.166, "T": 2.0, "start_qd_max": 0.0007022828995925716, "n": 50, "vfrac": 0.063}
2026-10-07 15:15:16,432 {"ev": "REACH_CONFIRMED", "cycle": 12, "phase": "REACH_SETTLE", "sim_t": 53.468, "sat_steps": 0, "T": 2.0, "pos_err": 0.0005524980826070934, "ori_err_deg": 0.1380813969237485, "max_qd": 0.0007073918420746701}
2026-10-07 15:15:16,432 {"ev": "RECOVERY_STARTED", "cycle": 12, "phase": "RECOVER", "sim_t": 53.468, "q": [0.07295, -0.66426, 0.08496, -2.18127, 0.05079, 1.52063, 0.7854], "qd": [0.00018, 0.0001, 0.0002, 0.00025, 0.00069, -0.00071, -0.0]}
2026-10-07 15:15:16,436 {"ev": "RECOVER_TRAJ", "cycle": 12, "phase": "RECOVER", "sim_t": 53.468, "T": 2.0, "start_qd_max": 0.0007073918420746701, "n": 50, "vfrac": 0.063}
2026-10-07 15:15:18,734 {"ev": "RECOVERY_CONFIRMED", "cycle": 12, "phase": "RECOVER_SETTLE", "sim_t": 55.77, "sat_steps": 0, "T": 2.0, "max_q_err": 0.0020062012312374033, "max_qd": 0.0007089768012377148}
2026-10-07 15:15:18,762 {"ev": "CANDIDATE_REJECTED", "cycle": 13, "phase": "GEN_TARGET", "sim_t": 55.77, "k": 1, "target": [0.5576, -0.2111, 0.2961], "reason": "ik_not_converged"}
2026-10-07 15:15:18,780 {"ev": "TARGET_GENERATED", "cycle": 13, "phase": "GEN_TARGET", "sim_t": 55.77, "target": [0.45145, 0.14575, 0.52067], "q_goal": [0.12324, -0.26146, 0.15989, -1.858, 0.04119, 1.5999, 0.7854], "ik_pos_err": 0.0009122364474955382, "ik_ori_err_deg": 0.011372046926242706, "floor_dist": 0.5, "n": 54, "vfrac": 0.187, "T": 2.0, "candidates": 2, "gen_wall": 0.046, "rejects": {"ik_not_converged": 1}}
2026-10-07 15:15:18,786 {"ev": "REACH_TRAJ", "cycle": 13, "phase": "REACH", "sim_t": 55.77, "T": 2.0, "start_qd_max": 0.0007089768012377148, "n": 54, "vfrac": 0.187}
2026-10-07 15:15:21,082 {"ev": "REACH_CONFIRMED", "cycle": 13, "phase": "REACH_SETTLE", "sim_t": 58.072, "sat_steps": 0, "T": 2.0, "pos_err": 0.0014855292914122023, "ori_err_deg": 0.12703194121507422, "max_qd": 0.0006865186123673629}
2026-10-07 15:15:21,082 {"ev": "RECOVERY_STARTED", "cycle": 13, "phase": "RECOVER", "sim_t": 58.072, "q": [0.12312, -0.26184, 0.15983, -1.85843, 0.03953, 1.59833, 0.78539], "qd": [0.00016, 0.00013, 0.00019, 0.00024, 0.00069, 0.00068, -0.0]}
2026-10-07 15:15:21,087 {"ev": "RECOVER_TRAJ", "cycle": 13, "phase": "RECOVER", "sim_t": 58.072, "T": 2.0, "start_qd_max": 0.0006865186123673629, "n": 54, "vfrac": 0.187}
2026-10-07 15:15:23,384 {"ev": "RECOVERY_CONFIRMED", "cycle": 13, "phase": "RECOVER_SETTLE", "sim_t": 60.374, "sat_steps": 0, "T": 2.0, "max_q_err": 0.0016341432183797858, "max_qd": 0.0006896253177347143}
2026-10-07 15:15:23,390 {"ev": "TARGET_GENERATED", "cycle": 14, "phase": "GEN_TARGET", "sim_t": 60.374, "target": [0.3133, 0.02755, 0.43489], "q_goal": [0.03625, -0.78577, 0.03713, -2.48936, 0.02649, 1.70384, 0.7854], "ik_pos_err": 0.00017424046123203587, "ik_ori_err_deg": 0.002949519201051771, "floor_dist": 0.42556042456205606, "n": 50, "vfrac": 0.048, "T": 2.0, "candidates": 1, "gen_wall": 0.006, "rejects": {}}
2026-10-07 15:15:23,394 {"ev": "REACH_TRAJ", "cycle": 14, "phase": "REACH", "sim_t": 60.374, "T": 2.0, "start_qd_max": 0.0006896253177347143, "n": 50, "vfrac": 0.048}
2026-10-07 15:15:25,692 {"ev": "REACH_CONFIRMED", "cycle": 14, "phase": "REACH_SETTLE", "sim_t": 62.676, "sat_steps": 0, "T": 2.0, "pos_err": 0.000559874182429024, "ori_err_deg": 0.13906480681864686, "max_qd": 0.0007186292378200458}
2026-10-07 15:15:25,692 {"ev": "RECOVERY_STARTED", "cycle": 14, "phase": "RECOVER", "sim_t": 62.676, "q": [0.03607, -0.78538, 0.037, -2.48869, 0.02475, 1.7018, 0.7854], "qd": [0.00019, -9e-05, 0.00023, -0.00025, 0.00069, 0.00072, -0.0]}
2026-10-07 15:15:25,697 {"ev": "RECOVER_TRAJ", "cycle": 14, "phase": "RECOVER", "sim_t": 62.676, "T": 2.0, "start_qd_max": 0.0007186292378200458, "n": 50, "vfrac": 0.047}
2026-10-07 15:15:27,994 {"ev": "RECOVERY_CONFIRMED", "cycle": 14, "phase": "RECOVER_SETTLE", "sim_t": 64.978, "sat_steps": 0, "T": 2.0, "max_q_err": 0.001992589981805848, "max_qd": 0.0007190290555137953}
2026-10-07 15:15:28,018 {"ev": "CANDIDATE_REJECTED", "cycle": 15, "phase": "GEN_TARGET", "sim_t": 64.978, "k": 1, "target": [0.5667, -0.1301, 0.2272], "reason": "ik_not_converged"}
2026-10-07 15:15:28,035 {"ev": "TARGET_GENERATED", "cycle": 15, "phase": "GEN_TARGET", "sim_t": 64.978, "target": [0.47068, -0.14599, 0.5106], "q_goal": [-0.12369, -0.20939, -0.15526, -1.83205, -0.0322, 1.62529, 0.7854], "ik_pos_err": 0.0009825581385715005, "ik_ori_err_deg": 0.011992080829743118, "floor_dist": 0.5, "n": 58, "vfrac": 0.206, "T": 2.0, "candidates": 2, "gen_wall": 0.041, "rejects": {"ik_not_converged": 1}}
2026-10-07 15:15:28,040 {"ev": "REACH_TRAJ", "cycle": 15, "phase": "REACH", "sim_t": 64.978, "T": 2.0, "start_qd_max": 0.0007190290555137953, "n": 58, "vfrac": 0.206}
2026-10-07 15:15:30,341 {"ev": "REACH_CONFIRMED", "cycle": 15, "phase": "REACH_SETTLE", "sim_t": 67.282, "sat_steps": 0, "T": 2.0, "pos_err": 0.001560562788604829, "ori_err_deg": 0.13054830984783827, "max_qd": 0.0006878186005729362}
2026-10-07 15:15:30,341 {"ev": "RECOVERY_STARTED", "cycle": 15, "phase": "RECOVER", "sim_t": 67.282, "q": [-0.1236, -0.20977, -0.15521, -1.83251, -0.0305, 1.62369, 0.78539], "qd": [-0.00015, 0.00012, -0.00018, 0.00024, -0.00069, 0.00068, -0.0]}
2026-10-07 15:15:30,346 {"ev": "RECOVER_TRAJ", "cycle": 15, "phase": "RECOVER", "sim_t": 67.282, "T": 2.0, "start_qd_max": 0.0006878186005729362, "n": 58, "vfrac": 0.206}
2026-10-07 15:15:32,643 {"ev": "RECOVERY_CONFIRMED", "cycle": 15, "phase": "RECOVER_SETTLE", "sim_t": 69.586, "sat_steps": 0, "T": 2.0, "max_q_err": 0.0016906869544339438, "max_qd": 0.0006906356340054589}
2026-10-07 15:15:32,661 {"ev": "TARGET_GENERATED", "cycle": 16, "phase": "GEN_TARGET", "sim_t": 69.586, "target": [0.4035, -0.2698, 0.25432], "q_goal": [-0.2834, -0.09639, -0.30368, -2.37846, -0.03814, 2.28593, 0.7854], "ik_pos_err": 0.0008860654505686201, "ik_ori_err_deg": 0.009217830315971369, "floor_dist": 0.2455845763451976, "n": 72, "vfrac": 0.246, "T": 2.0, "candidates": 1, "gen_wall": 0.018, "rejects": {}}
2026-10-07 15:15:32,667 {"ev": "REACH_TRAJ", "cycle": 16, "phase": "REACH", "sim_t": 69.586, "T": 2.0, "start_qd_max": 0.0006906356340054589, "n": 72, "vfrac": 0.246}
2026-10-07 15:15:34,965 {"ev": "REACH_CONFIRMED", "cycle": 16, "phase": "REACH_SETTLE", "sim_t": 71.89, "sat_steps": 0, "T": 2.0, "pos_err": 0.0011933402427431797, "ori_err_deg": 0.13195974324686835, "max_qd": 0.0007529694051446997}
2026-10-07 15:15:34,965 {"ev": "RECOVERY_STARTED", "cycle": 16, "phase": "RECOVER", "sim_t": 71.89, "q": [-0.28325, -0.09658, -0.30352, -2.37808, -0.03623, 2.28375, 0.78539], "qd": [-0.00017, 9e-05, -0.00023, -0.00023, -0.00072, 0.00075, -0.0]}
2026-10-07 15:15:34,971 {"ev": "RECOVER_TRAJ", "cycle": 16, "phase": "RECOVER", "sim_t": 71.89, "T": 2.0, "start_qd_max": 0.0007529694051446997, "n": 72, "vfrac": 0.246}
2026-10-07 15:15:37,269 {"ev": "RECOVERY_CONFIRMED", "cycle": 16, "phase": "RECOVER_SETTLE", "sim_t": 74.194, "sat_steps": 0, "T": 2.0, "max_q_err": 0.0020428187765937356, "max_qd": 0.0007458450340475752}
2026-10-07 15:15:37,286 {"ev": "TARGET_GENERATED", "cycle": 17, "phase": "GEN_TARGET", "sim_t": 74.194, "target": [0.43135, -0.20844, 0.40696], "q_goal": [-0.19115, -0.26317, -0.23423, -2.14477, -0.0636, 1.88789, 0.7854], "ik_pos_err": 0.0006029594917312176, "ik_ori_err_deg": 0.001703135052801069, "floor_dist": 0.3976022695440304, "n": 54, "vfrac": 0.187, "T": 2.0, "candidates": 1, "gen_wall": 0.017, "rejects": {}}
2026-10-07 15:15:37,291 {"ev": "REACH_TRAJ", "cycle": 17, "phase": "REACH", "sim_t": 74.194, "T": 2.0, "start_qd_max": 0.0007458450340475752, "n": 54, "vfrac": 0.187}
2026-10-07 15:15:39,591 {"ev": "REACH_CONFIRMED", "cycle": 17, "phase": "REACH_SETTLE", "sim_t": 76.498, "sat_steps": 0, "T": 2.0, "pos_err": 0.001179296244134803, "ori_err_deg": 0.13860837282963234, "max_qd": 0.0007074619780568437}
2026-10-07 15:15:39,591 {"ev": "RECOVERY_STARTED", "cycle": 17, "phase": "RECOVER", "sim_t": 76.498, "q": [-0.19103, -0.26356, -0.23414, -2.14512, -0.06178, 1.8862, 0.78539], "qd": [-0.00016, 0.00013, -0.0002, 0.00022, -0.00071, 0.0007, -0.0]}
2026-10-07 15:15:39,596 {"ev": "RECOVER_TRAJ", "cycle": 17, "phase": "RECOVER", "sim_t": 76.498, "T": 2.0, "start_qd_max": 0.0007074619780568437, "n": 54, "vfrac": 0.187}
2026-10-07 15:15:41,895 {"ev": "RECOVERY_CONFIRMED", "cycle": 17, "phase": "RECOVER_SETTLE", "sim_t": 78.802, "sat_steps": 0, "T": 2.0, "max_q_err": 0.0017066535598283688, "max_qd": 0.0006980613526003203}
2026-10-07 15:15:41,911 {"ev": "TARGET_GENERATED", "cycle": 18, "phase": "GEN_TARGET", "sim_t": 78.802, "target": [0.43956, 0.09351, 0.28964], "q_goal": [0.09721, -0.25106, 0.10941, -2.44834, 0.03352, 2.19831, 0.7854], "ik_pos_err": 0.0007351288947751803, "ik_ori_err_deg": 0.008246300357159416, "floor_dist": 0.2807866330686012, "n": 64, "vfrac": 0.191, "T": 2.0, "candidates": 1, "gen_wall": 0.017, "rejects": {}}
2026-10-07 15:15:41,917 {"ev": "REACH_TRAJ", "cycle": 18, "phase": "REACH", "sim_t": 78.802, "T": 2.0, "start_qd_max": 0.0006980613526003203, "n": 64, "vfrac": 0.191}
2026-10-07 15:15:44,216 {"ev": "REACH_CONFIRMED", "cycle": 18, "phase": "REACH_SETTLE", "sim_t": 81.106, "sat_steps": 0, "T": 2.0, "pos_err": 0.001041710462384592, "ori_err_deg": 0.13085139648434713, "max_qd": 0.0007485415261323076}
2026-10-07 15:15:44,216 {"ev": "RECOVERY_STARTED", "cycle": 18, "phase": "RECOVER", "sim_t": 81.106, "q": [0.09706, -0.25122, 0.10926, -2.44791, 0.03161, 2.19616, 0.7854], "qd": [0.00017, 8e-05, 0.00022, -0.00023, 0.00072, 0.00075, 0.0]}
2026-10-07 15:15:44,222 {"ev": "RECOVER_TRAJ", "cycle": 18, "phase": "RECOVER", "sim_t": 81.106, "T": 2.0, "start_qd_max": 0.0007485415261323076, "n": 64, "vfrac": 0.191}
2026-10-07 15:15:46,519 {"ev": "RECOVERY_CONFIRMED", "cycle": 18, "phase": "RECOVER_SETTLE", "sim_t": 83.41, "sat_steps": 0, "T": 2.0, "max_q_err": 0.002034187177174296, "max_qd": 0.000742307597573465}
2026-10-07 15:15:46,536 {"ev": "TARGET_GENERATED", "cycle": 19, "phase": "GEN_TARGET", "sim_t": 83.41, "target": [0.37369, -0.06908, 0.50311], "q_goal": [-0.06782, -0.55343, -0.08365, -2.1593, -0.04396, 1.60746, 0.7854], "ik_pos_err": 0.0003377455798472308, "ik_ori_err_deg": 0.003808582609224329, "floor_dist": 0.4934613204316867, "n": 50, "vfrac": 0.083, "T": 2.0, "candidates": 1, "gen_wall": 0.016, "rejects": {}}
2026-10-07 15:15:46,540 {"ev": "REACH_TRAJ", "cycle": 19, "phase": "REACH", "sim_t": 83.41, "T": 2.0, "start_qd_max": 0.000742307597573465, "n": 50, "vfrac": 0.083}
2026-10-07 15:15:48,840 {"ev": "REACH_CONFIRMED", "cycle": 19, "phase": "REACH_SETTLE", "sim_t": 85.714, "sat_steps": 0, "T": 2.0, "pos_err": 0.0009481660683763294, "ori_err_deg": 0.13105948128787678, "max_qd": 0.0006923291887229856}
2026-10-07 15:15:48,840 {"ev": "RECOVERY_STARTED", "cycle": 19, "phase": "RECOVER", "sim_t": 85.714, "q": [-0.06766, -0.5538, -0.0836, -2.15966, -0.04225, 1.60586, 0.78539], "qd": [-0.00017, 0.0001, -0.0002, 0.00022, -0.00069, 0.00068, -0.0]}
2026-10-07 15:15:48,844 {"ev": "RECOVER_TRAJ", "cycle": 19, "phase": "RECOVER", "sim_t": 85.714, "T": 2.0, "start_qd_max": 0.0006923291887229856, "n": 50, "vfrac": 0.083}
2026-10-07 15:15:51,144 {"ev": "RECOVERY_CONFIRMED", "cycle": 19, "phase": "RECOVER_SETTLE", "sim_t": 88.018, "sat_steps": 0, "T": 2.0, "max_q_err": 0.0016985565119249293, "max_qd": 0.0006934936534530159}
2026-10-07 15:15:51,161 {"ev": "TARGET_GENERATED", "cycle": 20, "phase": "GEN_TARGET", "sim_t": 88.018, "target": [0.35653, 0.25359, 0.28418], "q_goal": [0.28783, -0.29338, 0.3225, -2.49087, 0.11433, 2.20851, 0.7854], "ik_pos_err": 0.0007773164862109311, "ik_ori_err_deg": 0.00935965446012803, "floor_dist": 0.27538431488831855, "n": 64, "vfrac": 0.176, "T": 2.0, "candidates": 1, "gen_wall": 0.017, "rejects": {}}
2026-10-07 15:15:51,167 {"ev": "REACH_TRAJ", "cycle": 20, "phase": "REACH", "sim_t": 88.018, "T": 2.0, "start_qd_max": 0.0006934936534530159, "n": 64, "vfrac": 0.176}
2026-10-07 15:15:53,465 {"ev": "REACH_CONFIRMED", "cycle": 20, "phase": "REACH_SETTLE", "sim_t": 90.322, "sat_steps": 0, "T": 2.0, "pos_err": 0.0011078198757136736, "ori_err_deg": 0.13203909940218791, "max_qd": 0.0007506815804281982}
2026-10-07 15:15:53,465 {"ev": "RECOVERY_STARTED", "cycle": 20, "phase": "RECOVER", "sim_t": 90.322, "q": [0.28763, -0.29358, 0.32232, -2.49044, 0.11238, 2.20634, 0.7854], "qd": [0.00019, 9e-05, 0.00024, -0.00024, 0.00073, 0.00075, 0.0]}
2026-10-07 15:15:53,472 {"ev": "RECOVER_TRAJ", "cycle": 20, "phase": "RECOVER", "sim_t": 90.322, "T": 2.0, "start_qd_max": 0.0007506815804281982, "n": 64, "vfrac": 0.176}
2026-10-07 15:15:55,769 {"ev": "RECOVERY_CONFIRMED", "cycle": 20, "phase": "RECOVER_SETTLE", "sim_t": 92.626, "sat_steps": 0, "T": 2.0, "max_q_err": 0.0020359159773024604, "max_qd": 0.0007424638705014687}
2026-10-07 15:15:55,788 {"ev": "TARGET_GENERATED", "cycle": 21, "phase": "GEN_TARGET", "sim_t": 92.626, "target": [0.46617, -0.18334, 0.34598], "q_goal": [-0.17102, -0.15771, -0.195, -2.19749, -0.03418, 2.04246, 0.7854], "ik_pos_err": 0.0006910788594270853, "ik_ori_err_deg": 0.0016727057801266215, "floor_dist": 0.336847699268669, "n": 64, "vfrac": 0.225, "T": 2.0, "candidates": 1, "gen_wall": 0.018, "rejects": {}}
2026-10-07 15:15:55,793 {"ev": "REACH_TRAJ", "cycle": 21, "phase": "REACH", "sim_t": 92.626, "T": 2.0, "start_qd_max": 0.0007424638705014687, "n": 64, "vfrac": 0.225}
2026-10-07 15:15:58,092 {"ev": "REACH_CONFIRMED", "cycle": 21, "phase": "REACH_SETTLE", "sim_t": 94.93, "sat_steps": 0, "T": 2.0, "pos_err": 0.0011873497123735736, "ori_err_deg": 0.1388065466673481, "max_qd": 0.000709716572045631}
2026-10-07 15:15:58,092 {"ev": "RECOVERY_STARTED", "cycle": 21, "phase": "RECOVER", "sim_t": 94.93, "q": [-0.17091, -0.15811, -0.19489, -2.19784, -0.03231, 2.04073, 0.78539], "qd": [-0.00016, 0.00013, -0.0002, 0.00022, -0.00071, 0.00071, -0.0]}
2026-10-07 15:15:58,097 {"ev": "RECOVER_TRAJ", "cycle": 21, "phase": "RECOVER", "sim_t": 94.93, "T": 2.0, "start_qd_max": 0.000709716572045631, "n": 64, "vfrac": 0.224}
2026-10-07 15:16:00,396 {"ev": "RECOVERY_CONFIRMED", "cycle": 21, "phase": "RECOVER_SETTLE", "sim_t": 97.234, "sat_steps": 0, "T": 2.0, "max_q_err": 0.001692898206411677, "max_qd": 0.0007045861269936363}
2026-10-07 15:16:00,418 {"ev": "CANDIDATE_REJECTED", "cycle": 22, "phase": "GEN_TARGET", "sim_t": 97.234, "k": 1, "target": [0.5325, -0.1965, 0.1913], "reason": "ik_not_converged"}
2026-10-07 15:16:00,434 {"ev": "TARGET_GENERATED", "cycle": 22, "phase": "GEN_TARGET", "sim_t": 97.234, "target": [0.34004, 0.18004, 0.48947], "q_goal": [0.18333, -0.56062, 0.22458, -2.18658, 0.11895, 1.63692, 0.7854], "ik_pos_err": 0.0003315165822699038, "ik_ori_err_deg": 0.0028721394680370957, "floor_dist": 0.4798801323077101, "n": 50, "vfrac": 0.08, "T": 2.0, "candidates": 2, "gen_wall": 0.038, "rejects": {"ik_not_converged": 1}}
2026-10-07 15:16:00,438 {"ev": "REACH_TRAJ", "cycle": 22, "phase": "REACH", "sim_t": 97.234, "T": 2.0, "start_qd_max": 0.0007045861269936363, "n": 50, "vfrac": 0.08}
2026-10-07 15:16:02,738 {"ev": "REACH_CONFIRMED", "cycle": 22, "phase": "REACH_SETTLE", "sim_t": 99.538, "sat_steps": 0, "T": 2.0, "pos_err": 0.0009736888792416205, "ori_err_deg": 0.12965180626483158, "max_qd": 0.0006989810329602105}
2026-10-07 15:16:02,738 {"ev": "RECOVERY_STARTED", "cycle": 22, "phase": "RECOVER", "sim_t": 99.538, "q": [0.18314, -0.561, 0.22448, -2.18689, 0.11728, 1.63529, 0.78539], "qd": [0.00018, 0.00012, 0.00022, 0.00022, 0.0007, 0.00069, -0.0]}
2026-10-07 15:16:02,742 {"ev": "RECOVER_TRAJ", "cycle": 22, "phase": "RECOVER", "sim_t": 99.538, "T": 2.0, "start_qd_max": 0.0006989810329602105, "n": 50, "vfrac": 0.08}
2026-10-07 15:16:05,042 {"ev": "RECOVERY_CONFIRMED", "cycle": 22, "phase": "RECOVER_SETTLE", "sim_t": 101.842, "sat_steps": 0, "T": 2.0, "max_q_err": 0.0016572314910500048, "max_qd": 0.000698911152440897}
2026-10-07 15:16:05,068 {"ev": "CANDIDATE_REJECTED", "cycle": 23, "phase": "GEN_TARGET", "sim_t": 101.842, "k": 1, "target": [0.5185, -0.0608, 0.1732], "reason": "ik_not_converged"}
2026-10-07 15:16:05,094 {"ev": "CANDIDATE_REJECTED", "cycle": 23, "phase": "GEN_TARGET", "sim_t": 101.842, "k": 2, "target": [0.5664, 0.0632, 0.5215], "reason": "ik_not_converged"}
2026-10-07 15:16:05,114 {"ev": "TARGET_GENERATED", "cycle": 23, "phase": "GEN_TARGET", "sim_t": 101.842, "target": [0.35166, 0.14603, 0.39733], "q_goal": [0.16848, -0.5728, 0.18791, -2.4355, 0.10612, 1.86911, 0.7854], "ik_pos_err": 0.0003542874083157929, "ik_ori_err_deg": 0.003490196174367009, "floor_dist": 0.3881092867235587, "n": 50, "vfrac": 0.076, "T": 2.0, "candidates": 3, "gen_wall": 0.072, "rejects": {"ik_not_converged": 2}}
2026-10-07 15:16:05,119 {"ev": "REACH_TRAJ", "cycle": 23, "phase": "REACH", "sim_t": 101.842, "T": 2.0, "start_qd_max": 0.000698911152440897, "n": 50, "vfrac": 0.076}
2026-10-07 15:16:07,418 {"ev": "REACH_CONFIRMED", "cycle": 23, "phase": "REACH_SETTLE", "sim_t": 104.146, "sat_steps": 0, "T": 2.0, "pos_err": 0.0008322216304246914, "ori_err_deg": 0.13188422847303388, "max_qd": 0.0007349701174348709}
2026-10-07 15:16:07,418 {"ev": "RECOVERY_STARTED", "cycle": 23, "phase": "RECOVER", "sim_t": 104.146, "q": [0.16828, -0.57294, 0.18778, -2.43507, 0.1043, 1.86703, 0.7854], "qd": [0.00019, 8e-05, 0.00023, -0.00023, 0.00071, 0.00073, -0.0]}
2026-10-07 15:16:07,422 {"ev": "RECOVER_TRAJ", "cycle": 23, "phase": "RECOVER", "sim_t": 104.146, "T": 2.0, "start_qd_max": 0.0007349701174348709, "n": 50, "vfrac": 0.076}
2026-10-07 15:16:09,722 {"ev": "RECOVERY_CONFIRMED", "cycle": 23, "phase": "RECOVER_SETTLE", "sim_t": 106.45, "sat_steps": 0, "T": 2.0, "max_q_err": 0.0019984584022036955, "max_qd": 0.0007287881362900554}
2026-10-07 15:16:09,738 {"ev": "TARGET_GENERATED", "cycle": 24, "phase": "GEN_TARGET", "sim_t": 106.45, "target": [0.43044, -0.25155, 0.47935], "q_goal": [-0.22066, -0.20856, -0.27468, -1.90455, -0.0567, 1.70355, 0.7854], "ik_pos_err": 0.0008859285213532781, "ik_ori_err_deg": 0.009499041628785426, "floor_dist": 0.46958474767542213, "n": 58, "vfrac": 0.206, "T": 2.0, "candidates": 1, "gen_wall": 0.016, "rejects": {}}
2026-10-07 15:16:09,743 {"ev": "REACH_TRAJ", "cycle": 24, "phase": "REACH", "sim_t": 106.45, "T": 2.0, "start_qd_max": 0.0007287881362900554, "n": 58, "vfrac": 0.206}
2026-10-07 15:16:12,043 {"ev": "REACH_CONFIRMED", "cycle": 24, "phase": "REACH_SETTLE", "sim_t": 108.754, "sat_steps": 0, "T": 2.0, "pos_err": 0.001491149266207751, "ori_err_deg": 0.13473816643632663, "max_qd": 0.0006970284387106868}
2026-10-07 15:16:12,043 {"ev": "RECOVERY_STARTED", "cycle": 24, "phase": "RECOVER", "sim_t": 108.754, "q": [-0.22055, -0.20895, -0.27461, -1.90498, -0.05497, 1.70192, 0.78539], "qd": [-0.00016, 0.00014, -0.0002, 0.00024, -0.0007, 0.00069, -0.0]}
2026-10-07 15:16:12,050 {"ev": "RECOVER_TRAJ", "cycle": 24, "phase": "RECOVER", "sim_t": 108.754, "T": 2.0, "start_qd_max": 0.0006970284387106868, "n": 58, "vfrac": 0.206}
2026-10-07 15:16:14,346 {"ev": "RECOVERY_CONFIRMED", "cycle": 24, "phase": "RECOVER_SETTLE", "sim_t": 111.058, "sat_steps": 0, "T": 2.0, "max_q_err": 0.0017034885583274227, "max_qd": 0.000696716696500847}
2026-10-07 15:16:14,369 {"ev": "CANDIDATE_REJECTED", "cycle": 25, "phase": "GEN_TARGET", "sim_t": 111.058, "k": 1, "target": [0.5566, 0.0992, 0.1742], "reason": "ik_not_converged"}
2026-10-07 15:16:14,390 {"ev": "CANDIDATE_REJECTED", "cycle": 25, "phase": "GEN_TARGET", "sim_t": 111.058, "k": 2, "target": [0.4738, -0.2853, 0.5191], "reason": "ik_not_converged"}
2026-10-07 15:16:14,406 {"ev": "TARGET_GENERATED", "cycle": 25, "phase": "GEN_TARGET", "sim_t": 111.058, "target": [0.31685, 0.16949, 0.30696], "q_goal": [0.24366, -0.58477, 0.23665, -2.67492, 0.15031, 2.09797, 0.7854], "ik_pos_err": 0.000663633963332611, "ik_ori_err_deg": 0.009945563740140051, "floor_dist": 0.2980903149979671, "n": 54, "vfrac": 0.118, "T": 2.0, "candidates": 3, "gen_wall": 0.059, "rejects": {"ik_not_converged": 2}}
2026-10-07 15:16:14,410 {"ev": "REACH_TRAJ", "cycle": 25, "phase": "REACH", "sim_t": 111.058, "T": 2.0, "start_qd_max": 0.000696716696500847, "n": 54, "vfrac": 0.118}
2026-10-07 15:16:16,710 {"ev": "REACH_CONFIRMED", "cycle": 25, "phase": "REACH_SETTLE", "sim_t": 113.362, "sat_steps": 0, "T": 2.0, "pos_err": 0.000991183838211241, "ori_err_deg": 0.1307339344304424, "max_qd": 0.0007453514739545165}
2026-10-07 15:16:16,710 {"ev": "RECOVERY_STARTED", "cycle": 25, "phase": "RECOVER", "sim_t": 113.362, "q": [0.24341, -0.58497, 0.23641, -2.67447, 0.14838, 2.0958, 0.7854], "qd": [0.00021, 8e-05, 0.00026, -0.00024, 0.00073, 0.00075, 0.0]}
2026-10-07 15:16:16,715 {"ev": "RECOVER_TRAJ", "cycle": 25, "phase": "RECOVER", "sim_t": 113.362, "T": 2.0, "start_qd_max": 0.0007453514739545165, "n": 54, "vfrac": 0.118}
2026-10-07 15:16:19,014 {"ev": "RECOVERY_CONFIRMED", "cycle": 25, "phase": "RECOVER_SETTLE", "sim_t": 115.666, "sat_steps": 0, "T": 2.0, "max_q_err": 0.002026293745419183, "max_qd": 0.0007371160496859038}
2026-10-07 15:16:19,030 {"ev": "TARGET_GENERATED", "cycle": 26, "phase": "GEN_TARGET", "sim_t": 115.666, "target": [0.35994, 0.2674, 0.52364], "q_goal": [0.238, -0.35646, 0.32065, -1.92309, 0.11023, 1.58349, 0.7854], "ik_pos_err": 0.0007830801003519893, "ik_ori_err_deg": 0.009663720862426192, "floor_dist": 0.5, "n": 50, "vfrac": 0.155, "T": 2.0, "candidates": 1, "gen_wall": 0.016, "rejects": {}}
2026-10-07 15:16:19,037 {"ev": "REACH_TRAJ", "cycle": 26, "phase": "REACH", "sim_t": 115.666, "T": 2.0, "start_qd_max": 0.0007371160496859038, "n": 50, "vfrac": 0.155}
2026-10-07 15:16:21,334 {"ev": "REACH_CONFIRMED", "cycle": 26, "phase": "REACH_SETTLE", "sim_t": 117.97, "sat_steps": 0, "T": 2.0, "pos_err": 0.0013893396028460418, "ori_err_deg": 0.12741353785384535, "max_qd": 0.0006950479360245852}
2026-10-07 15:16:21,334 {"ev": "RECOVERY_STARTED", "cycle": 26, "phase": "RECOVER", "sim_t": 117.97, "q": [0.23785, -0.35686, 0.32056, -1.92349, 0.10858, 1.58193, 0.78539], "qd": [0.00017, 0.00015, 0.00021, 0.00024, 0.0007, 0.00067, -0.0]}
2026-10-07 15:16:21,339 {"ev": "RECOVER_TRAJ", "cycle": 26, "phase": "RECOVER", "sim_t": 117.97, "T": 2.0, "start_qd_max": 0.0006950479360245852, "n": 50, "vfrac": 0.155}
2026-10-07 15:16:23,638 {"ev": "RECOVERY_CONFIRMED", "cycle": 26, "phase": "RECOVER_SETTLE", "sim_t": 120.274, "sat_steps": 0, "T": 2.0, "max_q_err": 0.0016544788458258484, "max_qd": 0.0006986984565821695}
2026-10-07 15:16:23,656 {"ev": "TARGET_GENERATED", "cycle": 27, "phase": "GEN_TARGET", "sim_t": 120.274, "target": [0.52253, -0.06533, 0.3521], "q_goal": [-0.05884, -0.08305, -0.06382, -2.1016, -0.00587, 2.01872, 0.7854], "ik_pos_err": 0.0007543458072166873, "ik_ori_err_deg": 0.0005116092092310059, "floor_dist": 0.3428941263766696, "n": 72, "vfrac": 0.251, "T": 2.0, "candidates": 1, "gen_wall": 0.018, "rejects": {}}
2026-10-07 15:16:23,662 {"ev": "REACH_TRAJ", "cycle": 27, "phase": "REACH", "sim_t": 120.274, "T": 2.0, "start_qd_max": 0.0006986984565821695, "n": 72, "vfrac": 0.251}
2026-10-07 15:16:25,960 {"ev": "REACH_CONFIRMED", "cycle": 27, "phase": "REACH_SETTLE", "sim_t": 122.578, "sat_steps": 0, "T": 2.0, "pos_err": 0.0012504567601911826, "ori_err_deg": 0.1352052468061662, "max_qd": 0.0007060228633465475}
2026-10-07 15:16:25,960 {"ev": "RECOVERY_STARTED", "cycle": 27, "phase": "RECOVER", "sim_t": 122.578, "q": [-0.05876, -0.08344, -0.06373, -2.10197, -0.00407, 2.01701, 0.78539], "qd": [-0.00014, 0.00012, -0.00018, 0.00023, -0.00069, 0.00071, -0.0]}
2026-10-07 15:16:25,967 {"ev": "RECOVER_TRAJ", "cycle": 27, "phase": "RECOVER", "sim_t": 122.578, "T": 2.0, "start_qd_max": 0.0007060228633465475, "n": 72, "vfrac": 0.251}
2026-10-07 15:16:28,264 {"ev": "RECOVERY_CONFIRMED", "cycle": 27, "phase": "RECOVER_SETTLE", "sim_t": 124.882, "sat_steps": 0, "T": 2.0, "max_q_err": 0.0016556441202100203, "max_qd": 0.0007041941162294638}
2026-10-07 15:16:28,286 {"ev": "CANDIDATE_REJECTED", "cycle": 28, "phase": "GEN_TARGET", "sim_t": 124.882, "k": 1, "target": [0.5638, -0.2082, 0.5493], "reason": "ik_not_converged"}
2026-10-07 15:16:28,301 {"ev": "TARGET_GENERATED", "cycle": 28, "phase": "GEN_TARGET", "sim_t": 124.882, "target": [0.43272, 0.10858, 0.38617], "q_goal": [0.10459, -0.35102, 0.12637, -2.28706, 0.04646, 1.93823, 0.7854], "ik_pos_err": 0.0004931138228203066, "ik_ori_err_deg": 0.0016234384092289416, "floor_dist": 0.3769279402512826, "n": 50, "vfrac": 0.155, "T": 2.0, "candidates": 2, "gen_wall": 0.037, "rejects": {"ik_not_converged": 1}}
2026-10-07 15:16:28,305 {"ev": "REACH_TRAJ", "cycle": 28, "phase": "REACH", "sim_t": 124.882, "T": 2.0, "start_qd_max": 0.0007041941162294638, "n": 50, "vfrac": 0.155}
2026-10-07 15:16:30,605 {"ev": "REACH_CONFIRMED", "cycle": 28, "phase": "REACH_SETTLE", "sim_t": 127.186, "sat_steps": 0, "T": 2.0, "pos_err": 0.001001082360724563, "ori_err_deg": 0.13381144286328975, "max_qd": 0.0007039632246886092}
2026-10-07 15:16:30,606 {"ev": "RECOVERY_STARTED", "cycle": 28, "phase": "RECOVER", "sim_t": 127.186, "q": [0.10445, -0.3514, 0.12626, -2.28735, 0.04467, 1.93653, 0.78539], "qd": [0.00017, 0.00012, 0.00021, 0.00021, 0.0007, 0.0007, -0.0]}
2026-10-07 15:16:30,611 {"ev": "RECOVER_TRAJ", "cycle": 28, "phase": "RECOVER", "sim_t": 127.186, "T": 2.0, "start_qd_max": 0.0007039632246886092, "n": 50, "vfrac": 0.155}
2026-10-07 15:16:32,907 {"ev": "RECOVERY_CONFIRMED", "cycle": 28, "phase": "RECOVER_SETTLE", "sim_t": 129.488, "sat_steps": 0, "T": 2.0, "max_q_err": 0.001646912080348173, "max_qd": 0.0006997403940722917}
2026-10-07 15:16:32,923 {"ev": "TARGET_GENERATED", "cycle": 29, "phase": "GEN_TARGET", "sim_t": 129.488, "target": [0.34915, 0.24387, 0.54197], "q_goal": [0.21888, -0.41252, 0.29662, -1.92536, 0.11757, 1.52946, 0.7854], "ik_pos_err": 0.0007462498025260752, "ik_ori_err_deg": 0.009738618012522775, "floor_dist": 0.5, "n": 50, "vfrac": 0.154, "T": 2.0, "candidates": 1, "gen_wall": 0.015, "rejects": {}}
2026-10-07 15:16:32,927 {"ev": "REACH_TRAJ", "cycle": 29, "phase": "REACH", "sim_t": 129.488, "T": 2.0, "start_qd_max": 0.0006997403940722917, "n": 50, "vfrac": 0.154}
2026-10-07 15:16:35,225 {"ev": "REACH_CONFIRMED", "cycle": 29, "phase": "REACH_SETTLE", "sim_t": 131.79, "sat_steps": 0, "T": 2.0, "pos_err": 0.000844179581166961, "ori_err_deg": 0.1446361086321217, "max_qd": 0.0007017620087012878}
2026-10-07 15:16:35,225 {"ev": "RECOVERY_STARTED", "cycle": 29, "phase": "RECOVER", "sim_t": 131.79, "q": [0.21874, -0.41297, 0.29655, -1.92612, 0.11593, 1.53144, 0.7854], "qd": [0.00017, 0.00013, 0.0002, 0.00026, 0.0007, -0.0007, -0.0]}
2026-10-07 15:16:35,230 {"ev": "RECOVER_TRAJ", "cycle": 29, "phase": "RECOVER", "sim_t": 131.79, "T": 2.0, "start_qd_max": 0.0007017620087012878, "n": 50, "vfrac": 0.154}
2026-10-07 15:16:37,527 {"ev": "RECOVERY_CONFIRMED", "cycle": 29, "phase": "RECOVER_SETTLE", "sim_t": 134.092, "sat_steps": 0, "T": 2.0, "max_q_err": 0.0020038282532879315, "max_qd": 0.0007058889321170812}
2026-10-07 15:16:37,543 {"ev": "TARGET_GENERATED", "cycle": 30, "phase": "GEN_TARGET", "sim_t": 134.092, "target": [0.3041, 0.03515, 0.36854], "q_goal": [0.05561, -0.81591, 0.04905, -2.67476, 0.03726, 1.85914, 0.7854], "ik_pos_err": 0.00039388724397230193, "ik_ori_err_deg": 0.007001885438109307, "floor_dist": 0.35942672950643423, "n": 50, "vfrac": 0.114, "T": 2.0, "candidates": 1, "gen_wall": 0.016, "rejects": {}}
2026-10-07 15:16:37,547 {"ev": "REACH_TRAJ", "cycle": 30, "phase": "REACH", "sim_t": 134.092, "T": 2.0, "start_qd_max": 0.0007058889321170812, "n": 50, "vfrac": 0.114}
2026-10-07 15:16:39,845 {"ev": "REACH_CONFIRMED", "cycle": 30, "phase": "REACH_SETTLE", "sim_t": 136.394, "sat_steps": 0, "T": 2.0, "pos_err": 0.0006421414431477242, "ori_err_deg": 0.14221139902410498, "max_qd": 0.0007270098343147253}
2026-10-07 15:16:39,845 {"ev": "RECOVERY_STARTED", "cycle": 30, "phase": "RECOVER", "sim_t": 136.394, "q": [0.05541, -0.81552, 0.04883, -2.67409, 0.03543, 1.85707, 0.7854], "qd": [0.0002, -9e-05, 0.00025, -0.00026, 0.00071, 0.00073, 0.0]}
2026-10-07 15:16:39,850 {"ev": "RECOVER_TRAJ", "cycle": 30, "phase": "RECOVER", "sim_t": 136.394, "T": 2.0, "start_qd_max": 0.0007270098343147253, "n": 50, "vfrac": 0.114}
2026-10-07 15:16:42,147 {"ev": "RECOVERY_CONFIRMED", "cycle": 30, "phase": "RECOVER_SETTLE", "sim_t": 138.696, "sat_steps": 0, "T": 2.0, "max_q_err": 0.0020481068423068294, "max_qd": 0.0007246341206911544}
2026-10-07 15:16:42,163 {"ev": "TARGET_GENERATED", "cycle": 31, "phase": "GEN_TARGET", "sim_t": 138.696, "target": [0.50097, -0.04709, 0.47146], "q_goal": [-0.03996, -0.1875, -0.04853, -1.91164, -0.00915, 1.7245, 0.7854], "ik_pos_err": 0.000849572553294161, "ik_ori_err_deg": 0.00881781241876203, "floor_dist": 0.46172826913507586, "n": 60, "vfrac": 0.214, "T": 2.0, "candidates": 1, "gen_wall": 0.016, "rejects": {}}
2026-10-07 15:16:42,168 {"ev": "REACH_TRAJ", "cycle": 31, "phase": "REACH", "sim_t": 138.696, "T": 2.0, "start_qd_max": 0.0007246341206911544, "n": 60, "vfrac": 0.214}
2026-10-07 15:16:44,465 {"ev": "REACH_CONFIRMED", "cycle": 31, "phase": "REACH_SETTLE", "sim_t": 140.998, "sat_steps": 0, "T": 2.0, "pos_err": 0.0014147430282858205, "ori_err_deg": 0.13158319566628632, "max_qd": 0.0006929438955696648}
2026-10-07 15:16:44,465 {"ev": "RECOVERY_STARTED", "cycle": 31, "phase": "RECOVER", "sim_t": 140.998, "q": [-0.03988, -0.18787, -0.0485, -1.91207, -0.00744, 1.72287, 0.78539], "qd": [-0.00014, 0.00011, -0.00017, 0.00024, -0.00068, 0.00069, -0.0]}
2026-10-07 15:16:44,471 {"ev": "RECOVER_TRAJ", "cycle": 31, "phase": "RECOVER", "sim_t": 140.998, "T": 2.0, "start_qd_max": 0.0006929438955696648, "n": 60, "vfrac": 0.214}
2026-10-07 15:16:46,767 {"ev": "RECOVERY_CONFIRMED", "cycle": 31, "phase": "RECOVER_SETTLE", "sim_t": 143.3, "sat_steps": 0, "T": 2.0, "max_q_err": 0.0016490753626348688, "max_qd": 0.0006913413437244318}
2026-10-07 15:16:46,790 {"ev": "CANDIDATE_REJECTED", "cycle": 32, "phase": "GEN_TARGET", "sim_t": 143.3, "k": 1, "target": [0.5029, -0.1008, 0.2003], "reason": "ik_not_converged"}
2026-10-07 15:16:46,807 {"ev": "TARGET_GENERATED", "cycle": 32, "phase": "GEN_TARGET", "sim_t": 143.3, "target": [0.36826, -0.25059, 0.49165], "q_goal": [-0.22806, -0.37799, -0.30011, -2.02671, -0.1098, 1.6637, 0.7854], "ik_pos_err": 0.0006209450670329971, "ik_ori_err_deg": 0.006426272740065275, "floor_dist": 0.4819562487642593, "n": 50, "vfrac": 0.146, "T": 2.0, "candidates": 2, "gen_wall": 0.039, "rejects": {"ik_not_converged": 1}}
2026-10-07 15:16:46,811 {"ev": "REACH_TRAJ", "cycle": 32, "phase": "REACH", "sim_t": 143.3, "T": 2.0, "start_qd_max": 0.0006913413437244318, "n": 50, "vfrac": 0.146}
2026-10-07 15:16:49,109 {"ev": "REACH_CONFIRMED", "cycle": 32, "phase": "REACH_SETTLE", "sim_t": 145.602, "sat_steps": 0, "T": 2.0, "pos_err": 0.001253743859866561, "ori_err_deg": 0.1348623050855668, "max_qd": 0.0007020717099957297}
2026-10-07 15:16:49,109 {"ev": "RECOVERY_STARTED", "cycle": 32, "phase": "RECOVER", "sim_t": 145.602, "q": [-0.22791, -0.37838, -0.30003, -2.0271, -0.10808, 1.66206, 0.78539], "qd": [-0.00017, 0.00013, -0.00021, 0.00023, -0.0007, 0.00069, -0.0]}
2026-10-07 15:16:49,114 {"ev": "RECOVER_TRAJ", "cycle": 32, "phase": "RECOVER", "sim_t": 145.602, "T": 2.0, "start_qd_max": 0.0007020717099957297, "n": 50, "vfrac": 0.146}
2026-10-07 15:16:51,411 {"ev": "RECOVERY_CONFIRMED", "cycle": 32, "phase": "RECOVER_SETTLE", "sim_t": 147.904, "sat_steps": 0, "T": 2.0, "max_q_err": 0.0017194719505014575, "max_qd": 0.0007034062027455372}
2026-10-07 15:16:51,427 {"ev": "TARGET_GENERATED", "cycle": 33, "phase": "GEN_TARGET", "sim_t": 147.904, "target": [0.42257, 0.25514, 0.4438], "q_goal": [0.22847, -0.22804, 0.28281, -2.01342, 0.06474, 1.79379, 0.7854], "ik_pos_err": 0.000735711518939186, "ik_ori_err_deg": 0.005781292235366016, "floor_dist": 0.43424195368105667, "n": 56, "vfrac": 0.199, "T": 2.0, "candidates": 1, "gen_wall": 0.016, "rejects": {}}
2026-10-07 15:16:51,431 {"ev": "REACH_TRAJ", "cycle": 33, "phase": "REACH", "sim_t": 147.904, "T": 2.0, "start_qd_max": 0.0007034062027455372, "n": 56, "vfrac": 0.199}
2026-10-07 15:16:53,729 {"ev": "REACH_CONFIRMED", "cycle": 33, "phase": "REACH_SETTLE", "sim_t": 150.206, "sat_steps": 0, "T": 2.0, "pos_err": 0.0013361696774749521, "ori_err_deg": 0.13414270695400954, "max_qd": 0.0007002853988584731}
2026-10-07 15:16:53,729 {"ev": "RECOVERY_STARTED", "cycle": 33, "phase": "RECOVER", "sim_t": 150.206, "q": [0.22835, -0.22844, 0.28271, -2.01379, 0.06302, 1.79213, 0.78539], "qd": [0.00016, 0.00014, 0.0002, 0.00023, 0.0007, 0.0007, -0.0]}
2026-10-07 15:16:53,734 {"ev": "RECOVER_TRAJ", "cycle": 33, "phase": "RECOVER", "sim_t": 150.206, "T": 2.0, "start_qd_max": 0.0007002853988584731, "n": 56, "vfrac": 0.199}
2026-10-07 15:16:56,031 {"ev": "RECOVERY_CONFIRMED", "cycle": 33, "phase": "RECOVER_SETTLE", "sim_t": 152.508, "sat_steps": 0, "T": 2.0, "max_q_err": 0.0016443589805875132, "max_qd": 0.0006945695004295602}
2026-10-07 15:16:56,047 {"ev": "TARGET_GENERATED", "cycle": 34, "phase": "GEN_TARGET", "sim_t": 152.508, "target": [0.40431, -0.10046, 0.45608], "q_goal": [-0.09589, -0.45744, -0.11944, -2.20186, -0.05348, 1.74704, 0.7854], "ik_pos_err": 0.0003845507424797646, "ik_ori_err_deg": 0.001991515745428315, "floor_dist": 0.44658363978259774, "n": 50, "vfrac": 0.117, "T": 2.0, "candidates": 1, "gen_wall": 0.015, "rejects": {}}
2026-10-07 15:16:56,051 {"ev": "REACH_TRAJ", "cycle": 34, "phase": "REACH", "sim_t": 152.508, "T": 2.0, "start_qd_max": 0.0006945695004295602, "n": 50, "vfrac": 0.117}
2026-10-07 15:16:58,349 {"ev": "REACH_CONFIRMED", "cycle": 34, "phase": "REACH_SETTLE", "sim_t": 154.81, "sat_steps": 0, "T": 2.0, "pos_err": 0.0009883880520064753, "ori_err_deg": 0.13535972429865128, "max_qd": 0.0007010592350786574}
2026-10-07 15:16:58,349 {"ev": "RECOVERY_STARTED", "cycle": 34, "phase": "RECOVER", "sim_t": 154.81, "q": [-0.09575, -0.45781, -0.11937, -2.2022, -0.05172, 1.74538, 0.78539], "qd": [-0.00017, 0.00011, -0.0002, 0.00022, -0.0007, 0.00069, -0.0]}
2026-10-07 15:16:58,353 {"ev": "RECOVER_TRAJ", "cycle": 34, "phase": "RECOVER", "sim_t": 154.81, "T": 2.0, "start_qd_max": 0.0007010592350786574, "n": 50, "vfrac": 0.117}
2026-10-07 15:17:00,651 {"ev": "RECOVERY_CONFIRMED", "cycle": 34, "phase": "RECOVER_SETTLE", "sim_t": 157.112, "sat_steps": 0, "T": 2.0, "max_q_err": 0.0017045914571748833, "max_qd": 0.0006963381074015592}
2026-10-07 15:17:00,669 {"ev": "TARGET_GENERATED", "cycle": 35, "phase": "GEN_TARGET", "sim_t": 157.112, "target": [0.39631, -0.01678, 0.37227], "q_goal": [-0.01852, -0.49843, -0.02091, -2.45209, -0.01077, 1.95365, 0.7854], "ik_pos_err": 0.0004236191280012894, "ik_ori_err_deg": 0.004388947723726262, "floor_dist": 0.3631177152934906, "n": 50, "vfrac": 0.103, "T": 2.0, "candidates": 1, "gen_wall": 0.018, "rejects": {}}
2026-10-07 15:17:00,674 {"ev": "REACH_TRAJ", "cycle": 35, "phase": "REACH", "sim_t": 157.112, "T": 2.0, "start_qd_max": 0.0006963381074015592, "n": 50, "vfrac": 0.103}
2026-10-07 15:17:02,971 {"ev": "REACH_CONFIRMED", "cycle": 35, "phase": "REACH_SETTLE", "sim_t": 159.414, "sat_steps": 0, "T": 2.0, "pos_err": 0.000814316404521806, "ori_err_deg": 0.1304711786268738, "max_qd": 0.0007377862490656347}
2026-10-07 15:17:02,971 {"ev": "RECOVERY_STARTED", "cycle": 35, "phase": "RECOVER", "sim_t": 159.414, "q": [-0.01837, -0.49858, -0.02078, -2.45169, -0.009, 1.95156, 0.78539], "qd": [-0.00017, 8e-05, -0.00021, -0.00023, -0.00069, 0.00074, -0.0]}
2026-10-07 15:17:02,976 {"ev": "RECOVER_TRAJ", "cycle": 35, "phase": "RECOVER", "sim_t": 159.414, "T": 2.0, "start_qd_max": 0.0007377862490656347, "n": 50, "vfrac": 0.103}
2026-10-07 15:17:05,273 {"ev": "RECOVERY_CONFIRMED", "cycle": 35, "phase": "RECOVER_SETTLE", "sim_t": 161.716, "sat_steps": 0, "T": 2.0, "max_q_err": 0.0020132904751994918, "max_qd": 0.0007331545831931652}
2026-10-07 15:17:05,295 {"ev": "TARGET_GENERATED", "cycle": 36, "phase": "GEN_TARGET", "sim_t": 161.716, "target": [0.51145, -0.25658, 0.26163], "q_goal": [-0.25533, 0.14246, -0.21554, -2.06781, 0.03772, 2.20663, 0.7854], "ik_pos_err": 0.000998890344442219, "ik_ori_err_deg": 0.002908068845543308, "floor_dist": 0.2527262531212776, "n": 94, "vfrac": 0.332, "T": 2.0, "candidates": 1, "gen_wall": 0.021, "rejects": {}}
2026-10-07 15:17:05,303 {"ev": "REACH_TRAJ", "cycle": 36, "phase": "REACH", "sim_t": 161.716, "T": 2.0, "start_qd_max": 0.0007331545831931652, "n": 94, "vfrac": 0.332}
2026-10-07 15:17:07,597 {"ev": "REACH_CONFIRMED", "cycle": 36, "phase": "REACH_SETTLE", "sim_t": 164.018, "sat_steps": 0, "T": 2.0, "pos_err": 0.0013736972042094906, "ori_err_deg": 0.129098839135379, "max_qd": 0.0007146516070351052}
2026-10-07 15:17:07,597 {"ev": "RECOVERY_STARTED", "cycle": 36, "phase": "RECOVER", "sim_t": 164.018, "q": [-0.25528, 0.14204, -0.21541, -2.06817, 0.03587, 2.20488, 0.7854], "qd": [-0.00014, 0.00015, -0.00019, 0.00023, 0.00071, 0.00071, -0.0]}
2026-10-07 15:17:07,608 {"ev": "RECOVER_TRAJ", "cycle": 36, "phase": "RECOVER", "sim_t": 164.018, "T": 2.0, "start_qd_max": 0.0007146516070351052, "n": 94, "vfrac": 0.332}
2026-10-07 15:17:09,899 {"ev": "RECOVERY_CONFIRMED", "cycle": 36, "phase": "RECOVER_SETTLE", "sim_t": 166.32, "sat_steps": 0, "T": 2.0, "max_q_err": 0.001869056951334324, "max_qd": 0.0007182565124047048}
2026-10-07 15:17:09,922 {"ev": "CANDIDATE_REJECTED", "cycle": 37, "phase": "GEN_TARGET", "sim_t": 166.32, "k": 1, "target": [0.5682, 0.2495, 0.2169], "reason": "ik_not_converged"}
2026-10-07 15:17:09,939 {"ev": "TARGET_GENERATED", "cycle": 37, "phase": "GEN_TARGET", "sim_t": 166.32, "target": [0.30584, 0.26448, 0.29096], "q_goal": [0.33846, -0.42021, 0.36387, -2.57672, 0.17718, 2.17359, 0.7854], "ik_pos_err": 0.0007602349760567554, "ik_ori_err_deg": 0.01031177879576218, "floor_dist": 0.28216693801368636, "n": 62, "vfrac": 0.135, "T": 2.0, "candidates": 2, "gen_wall": 0.041, "rejects": {"ik_not_converged": 1}}
2026-10-07 15:17:09,945 {"ev": "REACH_TRAJ", "cycle": 37, "phase": "REACH", "sim_t": 166.32, "T": 2.0, "start_qd_max": 0.0007182565124047048, "n": 62, "vfrac": 0.135}
2026-10-07 15:17:12,241 {"ev": "REACH_CONFIRMED", "cycle": 37, "phase": "REACH_SETTLE", "sim_t": 168.622, "sat_steps": 0, "T": 2.0, "pos_err": 0.0010926584050401525, "ori_err_deg": 0.13233048948473414, "max_qd": 0.0007503437545935706}
2026-10-07 15:17:12,242 {"ev": "RECOVERY_STARTED", "cycle": 37, "phase": "RECOVER", "sim_t": 168.622, "q": [0.33822, -0.42042, 0.36366, -2.57628, 0.17522, 2.1714, 0.7854], "qd": [0.0002, 9e-05, 0.00025, -0.00024, 0.00073, 0.00075, 0.0]}
2026-10-07 15:17:12,248 {"ev": "RECOVER_TRAJ", "cycle": 37, "phase": "RECOVER", "sim_t": 168.622, "T": 2.0, "start_qd_max": 0.0007503437545935706, "n": 62, "vfrac": 0.135}
2026-10-07 15:17:14,543 {"ev": "RECOVERY_CONFIRMED", "cycle": 37, "phase": "RECOVER_SETTLE", "sim_t": 170.924, "sat_steps": 0, "T": 2.0, "max_q_err": 0.002034889991217703, "max_qd": 0.0007411695564111338}
2026-10-07 15:17:14,565 {"ev": "CANDIDATE_REJECTED", "cycle": 38, "phase": "GEN_TARGET", "sim_t": 170.924, "k": 1, "target": [0.3172, 0.1285, 0.1558], "reason": "ik_not_converged"}
2026-10-07 15:17:14,584 {"ev": "TARGET_GENERATED", "cycle": 38, "phase": "GEN_TARGET", "sim_t": 170.924, "target": [0.53328, -0.05973, 0.27241], "q_goal": [-0.05661, 0.02646, -0.05513, -2.18477, 0.00181, 2.2111, 0.7854], "ik_pos_err": 0.0008603376279079952, "ik_ori_err_deg": 0.004888789906829701, "floor_dist": 0.26351185613463746, "n": 82, "vfrac": 0.29, "T": 2.0, "candidates": 2, "gen_wall": 0.04, "rejects": {"ik_not_converged": 1}}
2026-10-07 15:17:14,591 {"ev": "REACH_TRAJ", "cycle": 38, "phase": "REACH", "sim_t": 170.924, "T": 2.0, "start_qd_max": 0.0007411695564111338, "n": 82, "vfrac": 0.29}
2026-10-07 15:17:16,886 {"ev": "REACH_CONFIRMED", "cycle": 38, "phase": "REACH_SETTLE", "sim_t": 173.226, "sat_steps": 0, "T": 2.0, "pos_err": 0.0012035059841894887, "ori_err_deg": 0.10251369221842352, "max_qd": 0.0007139551505350101}
2026-10-07 15:17:16,886 {"ev": "RECOVERY_STARTED", "cycle": 38, "phase": "RECOVER", "sim_t": 173.226, "q": [-0.05654, 0.02606, -0.05503, -2.1851, 0.00169, 2.20934, 0.78539], "qd": [-0.00014, 0.00013, -0.00018, 0.00022, 6e-05, 0.00071, -0.0]}
2026-10-07 15:17:16,894 {"ev": "RECOVER_TRAJ", "cycle": 38, "phase": "RECOVER", "sim_t": 173.226, "T": 2.0, "start_qd_max": 0.0007139551505350101, "n": 82, "vfrac": 0.29}
2026-10-07 15:17:19,188 {"ev": "RECOVERY_CONFIRMED", "cycle": 38, "phase": "RECOVER_SETTLE", "sim_t": 175.528, "sat_steps": 0, "T": 2.0, "max_q_err": 0.0016741554213259846, "max_qd": 0.0007114240675113472}
2026-10-07 15:17:19,205 {"ev": "TARGET_GENERATED", "cycle": 39, "phase": "GEN_TARGET", "sim_t": 175.528, "target": [0.43958, 0.16, 0.35], "q_goal": [0.15439, -0.2623, 0.18214, -2.2942, 0.05257, 2.03544, 0.7854], "ik_pos_err": 0.0006046017445506981, "ik_ori_err_deg": 0.003175242845602722, "floor_dist": 0.34088377692675065, "n": 54, "vfrac": 0.187, "T": 2.0, "candidates": 1, "gen_wall": 0.017, "rejects": {}}
2026-10-07 15:17:19,210 {"ev": "REACH_TRAJ", "cycle": 39, "phase": "REACH", "sim_t": 175.528, "T": 2.0, "start_qd_max": 0.0007114240675113472, "n": 54, "vfrac": 0.187}
2026-10-07 15:17:21,507 {"ev": "REACH_CONFIRMED", "cycle": 39, "phase": "REACH_SETTLE", "sim_t": 177.83, "sat_steps": 0, "T": 2.0, "pos_err": 0.0010744761622861238, "ori_err_deg": 0.135139887164535, "max_qd": 0.0007094473742830865}
2026-10-07 15:17:21,507 {"ev": "RECOVERY_STARTED", "cycle": 39, "phase": "RECOVER", "sim_t": 177.83, "q": [0.15425, -0.26269, 0.182, -2.29448, 0.05075, 2.03371, 0.78539], "qd": [0.00017, 0.00012, 0.00021, 0.00021, 0.00071, 0.00071, -0.0]}
2026-10-07 15:17:21,513 {"ev": "RECOVER_TRAJ", "cycle": 39, "phase": "RECOVER", "sim_t": 177.83, "T": 2.0, "start_qd_max": 0.0007094473742830865, "n": 54, "vfrac": 0.187}
2026-10-07 15:17:21,691 {"ev": "SHUTDOWN", "cycle": 39, "phase": "RECOVER", "sim_t": 178.014, "reason": "SIGINT", "exit_code": 0, "cycles": 39, "close_s": 0.0}
2026-10-07 15:17:21,691 {"ev": "VIEWER_CLOSED", "cycle": 39, "phase": "RECOVER", "sim_t": 178.014, "running": false}
